600
1350
1500
1750
2200
2400
2700
2400
1600
2600
2800
3300
3750
4200
4550
4500
3000
4250
4500
5250
5700
6400
6800
7000
highscore 
true,true,true,100,0
RESULT
####### END #########
